
> frontend@0.0.0 build
> vite build

[36mvite v8.0.0-beta.16 [32mbuilding client environment for production...[36m[39m
[2K
transforming...Γ£ô 1 modules transformed.
node.exe : 
[31mΓ£ù[39m Build 
failed in 31ms
At line:1 char:1
+ & "C:\Program Files\
nodejs/node.exe" 
"C:\Program 
Files\nodejs/node_mo 
...
+ ~~~~~~~~~~~~~~~~~~~~
~~~~~~~~~~~~~~~~~~~~~~
~~~~~~~~~~~~~~~~~~~~~~
~~~~~
    + CategoryInfo    
          : NotSpeci  
  fied: ([31mΓ£ù[   
 39m Build failed     
in 31ms:String) [    
], RemoteExceptio    n
    + FullyQualifiedE 
   rrorId : NativeCo  
  mmandError
 
[31merror during 
build:
[31mBuild failed 
with 1 error:

[31m[UNRESOLVED_ENTRY
] Error:[0m Cannot 
resolve entry module 
index.html.
[31m
    at aggregateBindin
gErrorsIntoJsError (fi
le:///C:/Users/USER/De
sktop/Brickbanq_Dev/fr
ontend/node_modules/ro
lldown/dist/shared/err
or-BYPsvVEN.mjs:52:18)
    at 
unwrapBindingResult (f
ile:///C:/Users/USER/D
esktop/Brickbanq_Dev/f
rontend/node_modules/r
olldown/dist/shared/er
ror-BYPsvVEN.mjs:22:12
8)
    at #build (file://
/C:/Users/USER/Desktop
/Brickbanq_Dev/fronten
d/node_modules/rolldow
n/dist/shared/rolldown
-build-BsRSEDqH.mjs:33
56:34)
    at async 
buildEnvironment (file
:///C:/Users/USER/Desk
top/Brickbanq_Dev/fron
tend/node_modules/vite
/dist/node/chunks/node
.js:32703:64)
    at async 
Object.build (file:///
C:/Users/USER/Desktop/
Brickbanq_Dev/frontend
/node_modules/vite/dis
t/node/chunks/node.js:
33125:19)
    at async 
Object.buildApp (file:
///C:/Users/USER/Deskt
op/Brickbanq_Dev/front
end/node_modules/vite/
dist/node/chunks/node.
js:33122:153)
    at async 
CAC.<anonymous> (file:
///C:/Users/USER/Deskt
op/Brickbanq_Dev/front
end/node_modules/vite/
dist/node/cli.js:642:3
) {
  errors: 
[Getter/Setter]
}[39m
